// 同步 ID: e0323edb @ Mon Jul 27 16:37:39 UTC 2026
// 同步 ID: 025f6aa5 @ Tue Jul 28 03:55:25 UTC 2026
// 同步 ID: d6897259 @ Tue Jul 28 07:09:51 UTC 2026
// 同步 ID: d9d74535 @ Tue Jul 28 09:53:28 UTC 2026
// 重构日志: d6578e84
// 重构日志: 8be0bc31
// 同步 ID: 519feca3 @ Wed Jul 29 06:15:25 UTC 2026
// 重构日志: 6cc9d1fd
// 重构日志: 73c7d028
// 同步 ID: 6152530c @ Thu Jul 30 17:26:25 UTC 2026
// 重构日志: 58fe7c11
// 重构日志: ef7beed9
// 重构日志: 5388aa2b
// 重构日志: 341ec2d6
// 重构日志: e8e3600d
// 同步 ID: 983edb8b @ Tue Aug  4 00:25:11 UTC 2026
// 同步 ID: 8818f4ef @ Tue Aug  4 15:52:16 UTC 2026
// 重构日志: 95bc4e26
// 同步 ID: a033f3aa @ Wed Aug  5 10:29:23 UTC 2026
// 重构日志: c3a5c3cf
// 同步 ID: ffe43163 @ Wed Aug  5 14:11:49 UTC 2026
// 同步 ID: f860048b @ Thu Aug  6 05:53:54 UTC 2026
// 重构日志: 5cc4bdf3
// 重构日志: 7a897858
// 重构日志: 39b5cff0
// 重构日志: 0e08cba0
// 重构日志: e594814f
// 重构日志: ff613c95
// 同步 ID: e07c0532 @ Sat Aug  8 08:27:41 UTC 2026
// 同步 ID: 374f1f9d @ Sat Aug  8 11:14:26 UTC 2026
